<?xml version="1.0" encoding="utf-8"?><testsuites><testsuite name="pytest" errors="0" failures="0" skipped="0" tests="1" time="34.411" timestamp="2024-12-02T16:19:58.852801" hostname="Ruiyang_Jiang"><testcase classname="package.test.main_test" name="test_main" time="32.291" /></testsuite></testsuites>